// Jest Snapshot v1, https://goo.gl/fbAQLP

exports[`<ButtonHandler/> render with default/required props 1`] = `
<section
  className="button-handler"
>
  <Button
    className=""
    data-cy="tile-0"
    key="0"
    label=""
    name="ADD"
  />
  <Button
    className=""
    data-cy="tile-1"
    key="1"
    label=""
    name="FILTER"
  />
</section>
`;

exports[`<ButtonHandler/> render with optional props [::data-cy] as "{{data-cy}}" 1`] = `
<section
  className="button-handler"
>
  <Button
    className=""
    data-cy="tile-0"
    key="0"
    label=""
    name="ADD"
  />
  <Button
    className=""
    data-cy="tile-1"
    key="1"
    label=""
    name="FILTER"
  />
</section>
`;
