// Jest Snapshot v1, https://goo.gl/fbAQLP

exports[`TileHandler renders has no props 1`] = `
<section
  className="tile-handler undefined"
>
  <Tile
    className=""
    id={1}
    key="1"
    name="Health Check 1"
    onClick={[Function]}
    parent={null}
    status="red"
  />
  <Tile
    className=""
    id={2}
    key="2"
    name="Health Check 2"
    onClick={[Function]}
    parent={null}
    status="green"
  />
  <Tile
    className=""
    id={3}
    key="3"
    name="Health Check 3"
    onClick={[Function]}
    parent={null}
    status="amber"
  />
</section>
`;
